[2026-03-19T16:08:33.057Z] 
→ Starting: Pre-Analysis
[2026-03-19T16:08:33.059Z] ════════════════════════════════════════════════════════════
[2026-03-19T16:08:33.059Z] 🔷  Step 0: Pre-Analysis - Analyzing Recent Changes
[2026-03-19T16:08:33.059Z] ════════════════════════════════════════════════════════════
[2026-03-19T16:08:33.094Z] Commits ahead of remote: 0
[2026-03-19T16:08:33.094Z] Modified files: 17
[2026-03-19T16:08:33.097Z] No project kind in config, auto-detecting...
[2026-03-19T16:08:33.100Z] Auto-detected project kind: static_website (75% confidence)
[2026-03-19T16:08:33.105Z] ✓ Pre-analysis complete:
  • Commits ahead: 0
  • Modified files: 17
  • Change scope: code-and-docs
  • Documentation: 3 files
  • Tests: 0 files
  • Source: 1 files
  • Config: 13 files
  • Project kind: static_website (75% confidence)

[2026-03-19T16:08:33.116Z] ✓ Step step_00 completed in 60ms
[2026-03-19T16:08:33.117Z] ✓ Completed: Pre-Analysis (0s)
