[2026-03-19T16:08:25.097Z] ━━━━━━━━━━━━━━━━━━━━━━━━━━━━━━━━━━━━━━━━
[2026-03-19T16:08:25.098Z]   AI Workflow Automation - Starting
[2026-03-19T16:08:25.098Z] ━━━━━━━━━━━━━━━━━━━━━━━━━━━━━━━━━━━━━━━━
[2026-03-19T16:08:25.098Z] Stage: full
[2026-03-19T16:08:25.098Z] Mode: interactive
[2026-03-19T16:08:25.098Z] Detecting workflow profile based on changes...
[2026-03-19T16:08:25.109Z] Detected profile: full_validation
[2026-03-19T16:08:25.109Z]   Changed files: 9 (docs: 1, code: 1, tests: 0, infra: 1, other: 6)
[2026-03-19T16:08:25.109Z] Profile: full_validation
[2026-03-19T16:08:25.109Z] Performing health checks...
[2026-03-19T16:08:25.110Z] ✓ All health checks passed
[2026-03-19T16:08:25.116Z] Registering workflow steps...
[2026-03-19T16:08:25.118Z] ✓ Registered 25 workflow steps
[2026-03-19T16:08:25.118Z] Executing 25 steps for stage: full
[2026-03-19T16:08:25.125Z] [CommitHistory] No previous run detected — using last 30 commits as baseline
[2026-03-19T16:08:25.142Z] Full optimization: Analyzing changes...
[2026-03-19T16:08:25.143Z] Docs-only analysis: NO (20% docs, 0% faster)
[2026-03-19T16:08:25.146Z] Code optimization: backend (0 steps skipped)
[2026-03-19T16:08:25.147Z] Full optimization: Selected strategy 'standard' (confidence: 30%)
[2026-03-19T16:08:25.147Z] 
Starting workflow execution...

[2026-03-19T16:08:25.157Z] ML Optimizer initialized
[2026-03-19T16:08:25.158Z] Loading workflow configuration...
[2026-03-19T16:08:25.159Z] ✓ Workflow loaded: AI Workflow Automation v2.0.0
[2026-03-19T16:08:25.159Z] Execution plan: 25 steps
[2026-03-19T16:08:25.159Z] Starting workflow execution: AI Workflow Automation
[2026-03-19T16:08:25.160Z] Executing step: Pre-Analysis (step_00)
[2026-03-19T16:08:25.161Z] 
→ Starting: Pre-Analysis
[2026-03-19T16:08:25.163Z] ════════════════════════════════════════════════════════════
[2026-03-19T16:08:25.163Z] 🔷  Step 0: Pre-Analysis - Analyzing Recent Changes
[2026-03-19T16:08:25.163Z] ════════════════════════════════════════════════════════════
[2026-03-19T16:08:25.192Z] Commits ahead of remote: 0
[2026-03-19T16:08:25.192Z] Modified files: 13
[2026-03-19T16:08:25.194Z] No project kind in config, auto-detecting...
[2026-03-19T16:08:25.197Z] Auto-detected project kind: static_website (75% confidence)
[2026-03-19T16:08:25.201Z] ✓ Pre-analysis complete:
  • Commits ahead: 0
  • Modified files: 13
  • Change scope: code-and-docs
  • Documentation: 2 files
  • Tests: 0 files
  • Source: 1 files
  • Config: 10 files
  • Project kind: static_website (75% confidence)

[2026-03-19T16:08:25.214Z] ✓ Step step_00 completed in 53ms
[2026-03-19T16:08:25.215Z] ✓ Completed: Pre-Analysis (0s)
[2026-03-19T16:08:25.216Z] Executing step: Bootstrap Documentation (step_0b)
[2026-03-19T16:08:25.216Z] 
→ Starting: Bootstrap Documentation
