[2026-03-19T16:08:25.161Z] 
→ Starting: Pre-Analysis
[2026-03-19T16:08:25.163Z] ════════════════════════════════════════════════════════════
[2026-03-19T16:08:25.163Z] 🔷  Step 0: Pre-Analysis - Analyzing Recent Changes
[2026-03-19T16:08:25.163Z] ════════════════════════════════════════════════════════════
[2026-03-19T16:08:25.192Z] Commits ahead of remote: 0
[2026-03-19T16:08:25.192Z] Modified files: 13
[2026-03-19T16:08:25.194Z] No project kind in config, auto-detecting...
[2026-03-19T16:08:25.197Z] Auto-detected project kind: static_website (75% confidence)
[2026-03-19T16:08:25.201Z] ✓ Pre-analysis complete:
  • Commits ahead: 0
  • Modified files: 13
  • Change scope: code-and-docs
  • Documentation: 2 files
  • Tests: 0 files
  • Source: 1 files
  • Config: 10 files
  • Project kind: static_website (75% confidence)

[2026-03-19T16:08:25.214Z] ✓ Step step_00 completed in 53ms
[2026-03-19T16:08:25.215Z] ✓ Completed: Pre-Analysis (0s)
