[2026-03-19T16:23:03.034Z] ━━━━━━━━━━━━━━━━━━━━━━━━━━━━━━━━━━━━━━━━
[2026-03-19T16:23:03.034Z]   AI Workflow Automation - Starting
[2026-03-19T16:23:03.034Z] ━━━━━━━━━━━━━━━━━━━━━━━━━━━━━━━━━━━━━━━━
[2026-03-19T16:23:03.035Z] Stage: quick
[2026-03-19T16:23:03.035Z] Mode: interactive
[2026-03-19T16:23:03.035Z] Detecting workflow profile based on changes...
[2026-03-19T16:23:03.058Z] Detected profile: full_validation
[2026-03-19T16:23:03.058Z]   Changed files: 1214 (docs: 101, code: 717, tests: 0, infra: 104, other: 292)
[2026-03-19T16:23:03.058Z] Profile: full_validation
[2026-03-19T16:23:03.058Z] Performing health checks...
[2026-03-19T16:23:03.058Z] ✓ All health checks passed
[2026-03-19T16:23:03.064Z] Registering workflow steps...
[2026-03-19T16:23:03.065Z] ✓ Registered 25 workflow steps
[2026-03-19T16:23:03.065Z] Executing 5 steps for stage: quick
[2026-03-19T16:23:03.071Z] [CommitHistory] No previous run detected — using last 30 commits as baseline
[2026-03-19T16:23:03.100Z] Full optimization: Analyzing changes...
[2026-03-19T16:23:03.104Z] Docs-only analysis: NO (8.71% docs, 0% faster)
[2026-03-19T16:23:03.129Z] Code optimization: backend (0 steps skipped)
[2026-03-19T16:23:03.130Z] Full optimization: Selected strategy 'standard' (confidence: 30%)
[2026-03-19T16:23:03.130Z] 
Starting workflow execution...

[2026-03-19T16:23:03.138Z] ML Optimizer initialized
[2026-03-19T16:23:03.138Z] Loading workflow configuration...
[2026-03-19T16:23:03.139Z] ✓ Workflow loaded: AI Workflow Automation v2.0.0
[2026-03-19T16:23:03.139Z] Execution plan: 5 steps
[2026-03-19T16:23:03.139Z] Starting workflow execution: AI Workflow Automation
[2026-03-19T16:23:03.140Z] Executing step: Pre-Analysis (step_00)
[2026-03-19T16:23:03.141Z] 
→ Starting: Pre-Analysis
[2026-03-19T16:23:03.143Z] ════════════════════════════════════════════════════════════
[2026-03-19T16:23:03.143Z] 🔷  Step 0: Pre-Analysis - Analyzing Recent Changes
[2026-03-19T16:23:03.143Z] ════════════════════════════════════════════════════════════
[2026-03-19T16:23:03.189Z] Commits ahead of remote: 0
[2026-03-19T16:23:03.189Z] Modified files: 1216
[2026-03-19T16:23:03.200Z] ✓ Project kind from config: chrome_extension (configured)
[2026-03-19T16:23:03.208Z] ✓ Pre-analysis complete:
  • Commits ahead: 0
  • Modified files: 1216
  • Change scope: full-stack
  • Documentation: 102 files
  • Tests: 20 files
  • Source: 775 files
  • Config: 319 files
  • Project kind: chrome_extension (100% confidence)

[2026-03-19T16:23:03.221Z] ✓ Step step_00 completed in 79ms
[2026-03-19T16:23:03.222Z] ✓ Completed: Pre-Analysis (0s)
[2026-03-19T16:23:03.223Z] Executing step: Documentation Updates (step_01)
[2026-03-19T16:23:03.223Z] 
→ Starting: Documentation Updates
[2026-03-19T16:23:03.226Z] ════════════════════════════════════════════════════════════
